Apache Maven 3.5.2 (138edd61fd100ec658bfa2d307c43b76940a5d7d; 2017-10-18T07:58:13Z)
Maven home: /opt/apache-maven-3.5.2
Java version: 1.8.0_442, vendor: Amazon.com Inc.
Java home: /usr/lib/jvm/java-1.8.0-amazon-corretto.x86_64/jre
Default locale: en, platform encoding: UTF-8
OS name: "linux", version: "6.1.128-136.201.amzn2023.x86_64", arch: "amd64", family: "unix"
[DEBUG] Created new class realm maven.api
[DEBUG] Importing foreign packages into class realm maven.api
[DEBUG]   Imported: javax.annotation.* < plexus.core
[DEBUG]   Imported: javax.enterprise.inject.* < plexus.core
[DEBUG]   Imported: javax.enterprise.util.* < plexus.core
[DEBUG]   Imported: javax.inject.* < plexus.core
[DEBUG]   Imported: org.apache.maven.* < plexus.core
[DEBUG]   Imported: org.apache.maven.artifact < plexus.core
[DEBUG]   Imported: org.apache.maven.classrealm < plexus.core
[DEBUG]   Imported: org.apache.maven.cli < plexus.core
[DEBUG]   Imported: org.apache.maven.configuration < plexus.core
[DEBUG]   Imported: org.apache.maven.exception < plexus.core
[DEBUG]   Imported: org.apache.maven.execution < plexus.core
[DEBUG]   Imported: org.apache.maven.execution.scope < plexus.core
[DEBUG]   Imported: org.apache.maven.lifecycle < plexus.core
[DEBUG]   Imported: org.apache.maven.model < plexus.core
[DEBUG]   Imported: org.apache.maven.monitor < plexus.core
[DEBUG]   Imported: org.apache.maven.plugin < plexus.core
[DEBUG]   Imported: org.apache.maven.profiles < plexus.core
[DEBUG]   Imported: org.apache.maven.project < plexus.core
[DEBUG]   Imported: org.apache.maven.reporting < plexus.core
[DEBUG]   Imported: org.apache.maven.repository < plexus.core
[DEBUG]   Imported: org.apache.maven.rtinfo < plexus.core
[DEBUG]   Imported: org.apache.maven.settings < plexus.core
[DEBUG]   Imported: org.apache.maven.toolchain < plexus.core
[DEBUG]   Imported: org.apache.maven.usability < plexus.core
[DEBUG]   Imported: org.apache.maven.wagon.* < plexus.core
[DEBUG]   Imported: org.apache.maven.wagon.authentication < plexus.core
[DEBUG]   Imported: org.apache.maven.wagon.authorization < plexus.core
[DEBUG]   Imported: org.apache.maven.wagon.events < plexus.core
[DEBUG]   Imported: org.apache.maven.wagon.observers < plexus.core
[DEBUG]   Imported: org.apache.maven.wagon.proxy < plexus.core
[DEBUG]   Imported: org.apache.maven.wagon.repository < plexus.core
[DEBUG]   Imported: org.apache.maven.wagon.resource < plexus.core
[DEBUG]   Imported: org.codehaus.classworlds < plexus.core
[DEBUG]   Imported: org.codehaus.plexus.* < plexus.core
[DEBUG]   Imported: org.codehaus.plexus.classworlds < plexus.core
[DEBUG]   Imported: org.codehaus.plexus.component < plexus.core
[DEBUG]   Imported: org.codehaus.plexus.configuration < plexus.core
[DEBUG]   Imported: org.codehaus.plexus.container < plexus.core
[DEBUG]   Imported: org.codehaus.plexus.context < plexus.core
[DEBUG]   Imported: org.codehaus.plexus.lifecycle < plexus.core
[DEBUG]   Imported: org.codehaus.plexus.logging < plexus.core
[DEBUG]   Imported: org.codehaus.plexus.personality < plexus.core
[DEBUG]   Imported: org.codehaus.plexus.util.xml.Xpp3Dom < plexus.core
[DEBUG]   Imported: org.codehaus.plexus.util.xml.pull.XmlPullParser < plexus.core
[DEBUG]   Imported: org.codehaus.plexus.util.xml.pull.XmlPullParserException < plexus.core
[DEBUG]   Imported: org.codehaus.plexus.util.xml.pull.XmlSerializer < plexus.core
[DEBUG]   Imported: org.eclipse.aether.* < plexus.core
[DEBUG]   Imported: org.eclipse.aether.artifact < plexus.core
[DEBUG]   Imported: org.eclipse.aether.collection < plexus.core
[DEBUG]   Imported: org.eclipse.aether.deployment < plexus.core
[DEBUG]   Imported: org.eclipse.aether.graph < plexus.core
[DEBUG]   Imported: org.eclipse.aether.impl < plexus.core
[DEBUG]   Imported: org.eclipse.aether.installation < plexus.core
[DEBUG]   Imported: org.eclipse.aether.internal.impl < plexus.core
[DEBUG]   Imported: org.eclipse.aether.metadata < plexus.core
[DEBUG]   Imported: org.eclipse.aether.repository < plexus.core
[DEBUG]   Imported: org.eclipse.aether.resolution < plexus.core
[DEBUG]   Imported: org.eclipse.aether.spi < plexus.core
[DEBUG]   Imported: org.eclipse.aether.transfer < plexus.core
[DEBUG]   Imported: org.eclipse.aether.version < plexus.core
[DEBUG]   Imported: org.fusesource.jansi.* < plexus.core
[DEBUG]   Imported: org.slf4j.* < plexus.core
[DEBUG]   Imported: org.slf4j.helpers.* < plexus.core
[DEBUG]   Imported: org.slf4j.spi.* < plexus.core
[DEBUG] Populating class realm maven.api
[INFO] Error stacktraces are turned on.
[DEBUG] Message scheme: color
[DEBUG] Message styles: debug info warning error success failure strong mojo project
[DEBUG] Reading global settings from /opt/apache-maven-3.5.2/conf/settings.xml
[DEBUG] Reading user settings from /home/ec2-user/nextwork-web-project/settings.xml
[DEBUG] Reading global toolchains from /opt/apache-maven-3.5.2/conf/toolchains.xml
[DEBUG] Reading user toolchains from /home/ec2-user/.m2/toolchains.xml
[DEBUG] Using local repository at /home/ec2-user/.m2/repository
[DEBUG] Using manager EnhancedLocalRepositoryManager with priority 10.0 for /home/ec2-user/.m2/repository
[DEBUG] Failed to decrypt password for server nextwork-nextwork-devops-cicd: org.sonatype.plexus.components.sec.dispatcher.SecDispatcherException: java.io.FileNotFoundException: /home/ec2-user/.m2/settings-security.xml (No such file or directory)
org.sonatype.plexus.components.sec.dispatcher.SecDispatcherException: org.sonatype.plexus.components.sec.dispatcher.SecDispatcherException: java.io.FileNotFoundException: /home/ec2-user/.m2/settings-security.xml (No such file or directory)
    at org.sonatype.plexus.components.sec.dispatcher.DefaultSecDispatcher.decrypt (DefaultSecDispatcher.java:121)
    at org.apache.maven.settings.crypto.DefaultSettingsDecrypter.decrypt (DefaultSettingsDecrypter.java:107)
    at org.apache.maven.settings.crypto.DefaultSettingsDecrypter.decrypt (DefaultSettingsDecrypter.java:63)
    at org.apache.maven.internal.aether.DefaultRepositorySystemSessionFactory.newRepositorySession (DefaultRepositorySystemSessionFactory.java:167)
    at org.apache.maven.DefaultMaven.newRepositorySession (DefaultMaven.java:354)
    at org.apache.maven.DefaultMaven.doExecute (DefaultMaven.java:187)
    at org.apache.maven.DefaultMaven.execute (DefaultMaven.java:107)
    at org.apache.maven.cli.MavenCli.execute (MavenCli.java:955)
    at org.apache.maven.cli.MavenCli.doMain (MavenCli.java:290)
    at org.apache.maven.cli.MavenCli.main (MavenCli.java:194)
    at sun.reflect.NativeMethodAccessorImpl.invoke0 (Native Method)
    at sun.reflect.NativeMethodAccessorImpl.invoke (NativeMethodAccessorImpl.java:62)
    at sun.reflect.DelegatingMethodAccessorImpl.invoke (DelegatingMethodAccessorImpl.java:43)
    at java.lang.reflect.Method.invoke (Method.java:498)
    at org.codehaus.plexus.classworlds.launcher.Launcher.launchEnhanced (Launcher.java:289)
    at org.codehaus.plexus.classworlds.launcher.Launcher.launch (Launcher.java:229)
    at org.codehaus.plexus.classworlds.launcher.Launcher.mainWithExitCode (Launcher.java:415)
    at org.codehaus.plexus.classworlds.launcher.Launcher.main (Launcher.java:356)
Caused by: org.sonatype.plexus.components.sec.dispatcher.SecDispatcherException: java.io.FileNotFoundException: /home/ec2-user/.m2/settings-security.xml (No such file or directory)
    at org.sonatype.plexus.components.sec.dispatcher.SecUtil.read (SecUtil.java:69)
    at org.sonatype.plexus.components.sec.dispatcher.DefaultSecDispatcher.getSec (DefaultSecDispatcher.java:206)
    at org.sonatype.plexus.components.sec.dispatcher.DefaultSecDispatcher.decrypt (DefaultSecDispatcher.java:90)
    at org.apache.maven.settings.crypto.DefaultSettingsDecrypter.decrypt (DefaultSettingsDecrypter.java:107)
    at org.apache.maven.settings.crypto.DefaultSettingsDecrypter.decrypt (DefaultSettingsDecrypter.java:63)
    at org.apache.maven.internal.aether.DefaultRepositorySystemSessionFactory.newRepositorySession (DefaultRepositorySystemSessionFactory.java:167)
    at org.apache.maven.DefaultMaven.newRepositorySession (DefaultMaven.java:354)
    at org.apache.maven.DefaultMaven.doExecute (DefaultMaven.java:187)
    at org.apache.maven.DefaultMaven.execute (DefaultMaven.java:107)
    at org.apache.maven.cli.MavenCli.execute (MavenCli.java:955)
    at org.apache.maven.cli.MavenCli.doMain (MavenCli.java:290)
    at org.apache.maven.cli.MavenCli.main (MavenCli.java:194)
    at sun.reflect.NativeMethodAccessorImpl.invoke0 (Native Method)
    at sun.reflect.NativeMethodAccessorImpl.invoke (NativeMethodAccessorImpl.java:62)
    at sun.reflect.DelegatingMethodAccessorImpl.invoke (DelegatingMethodAccessorImpl.java:43)
    at java.lang.reflect.Method.invoke (Method.java:498)
    at org.codehaus.plexus.classworlds.launcher.Launcher.launchEnhanced (Launcher.java:289)
    at org.codehaus.plexus.classworlds.launcher.Launcher.launch (Launcher.java:229)
    at org.codehaus.plexus.classworlds.launcher.Launcher.mainWithExitCode (Launcher.java:415)
    at org.codehaus.plexus.classworlds.launcher.Launcher.main (Launcher.java:356)
Caused by: java.io.FileNotFoundException: /home/ec2-user/.m2/settings-security.xml (No such file or directory)
    at java.io.FileInputStream.open0 (Native Method)
    at java.io.FileInputStream.open (FileInputStream.java:195)
    at java.io.FileInputStream.<init> (FileInputStream.java:138)
    at org.sonatype.plexus.components.sec.dispatcher.SecUtil.toStream (SecUtil.java:100)
    at org.sonatype.plexus.components.sec.dispatcher.SecUtil.read (SecUtil.java:56)
    at org.sonatype.plexus.components.sec.dispatcher.DefaultSecDispatcher.getSec (DefaultSecDispatcher.java:206)
    at org.sonatype.plexus.components.sec.dispatcher.DefaultSecDispatcher.decrypt (DefaultSecDispatcher.java:90)
    at org.apache.maven.settings.crypto.DefaultSettingsDecrypter.decrypt (DefaultSettingsDecrypter.java:107)
    at org.apache.maven.settings.crypto.DefaultSettingsDecrypter.decrypt (DefaultSettingsDecrypter.java:63)
    at org.apache.maven.internal.aether.DefaultRepositorySystemSessionFactory.newRepositorySession (DefaultRepositorySystemSessionFactory.java:167)
    at org.apache.maven.DefaultMaven.newRepositorySession (DefaultMaven.java:354)
    at org.apache.maven.DefaultMaven.doExecute (DefaultMaven.java:187)
    at org.apache.maven.DefaultMaven.execute (DefaultMaven.java:107)
    at org.apache.maven.cli.MavenCli.execute (MavenCli.java:955)
    at org.apache.maven.cli.MavenCli.doMain (MavenCli.java:290)
    at org.apache.maven.cli.MavenCli.main (MavenCli.java:194)
    at sun.reflect.NativeMethodAccessorImpl.invoke0 (Native Method)
    at sun.reflect.NativeMethodAccessorImpl.invoke (NativeMethodAccessorImpl.java:62)
    at sun.reflect.DelegatingMethodAccessorImpl.invoke (DelegatingMethodAccessorImpl.java:43)
    at java.lang.reflect.Method.invoke (Method.java:498)
    at org.codehaus.plexus.classworlds.launcher.Launcher.launchEnhanced (Launcher.java:289)
    at org.codehaus.plexus.classworlds.launcher.Launcher.launch (Launcher.java:229)
    at org.codehaus.plexus.classworlds.launcher.Launcher.mainWithExitCode (Launcher.java:415)
    at org.codehaus.plexus.classworlds.launcher.Launcher.main (Launcher.java:356)
[INFO] Scanning for projects...
[DEBUG] Using mirror nextwork-nextwork-devops-cicd (https://nextwork-471112976395.d.codeartifact.us-east-2.amazonaws.com/maven/nextwork-devops-cicd/) for nextwork-nextwork-devops-cicd (https://nextwork-471112976395.d.codeartifact.us-east-2.amazonaws.com/maven/nextwork-devops-cicd/).
[DEBUG] Using mirror nextwork-nextwork-devops-cicd (https://nextwork-471112976395.d.codeartifact.us-east-2.amazonaws.com/maven/nextwork-devops-cicd/) for central (https://repo.maven.apache.org/maven2).
[DEBUG] Extension realms for project com.nextwork.app:nextwork-web-project:war:1.0-SNAPSHOT: (none)
[DEBUG] Looking up lifecycle mappings for packaging war from ClassRealm[plexus.core, parent: null]
[DEBUG] === REACTOR BUILD PLAN ================================================
[DEBUG] Project: com.nextwork.app:nextwork-web-project:war:1.0-SNAPSHOT
[DEBUG] Tasks:   [compile]
[DEBUG] Style:   Regular
[DEBUG] =======================================================================
[INFO] 
[INFO] ------------------------------------------------------------------------
[INFO] Building nextwork-web-project Maven Webapp 1.0-SNAPSHOT
[INFO] ------------------------------------------------------------------------
[DEBUG] Lifecycle default -> [validate, initialize, generate-sources, process-sources, generate-resources, process-resources, compile, process-classes, generate-test-sources, process-test-sources, generate-test-resources, process-test-resources, test-compile, process-test-classes, test, prepare-package, package, pre-integration-test, integration-test, post-integration-test, verify, install, deploy]
[DEBUG] Lifecycle clean -> [pre-clean, clean, post-clean]
[DEBUG] Lifecycle site -> [pre-site, site, post-site, site-deploy]
[DEBUG] Using mirror nextwork-nextwork-devops-cicd (https://nextwork-471112976395.d.codeartifact.us-east-2.amazonaws.com/maven/nextwork-devops-cicd/) for apache.snapshots (http://repository.apache.org/snapshots).
[DEBUG] Lifecycle default -> [validate, initialize, generate-sources, process-sources, generate-resources, process-resources, compile, process-classes, generate-test-sources, process-test-sources, generate-test-resources, process-test-resources, test-compile, process-test-classes, test, prepare-package, package, pre-integration-test, integration-test, post-integration-test, verify, install, deploy]
[DEBUG] Lifecycle clean -> [pre-clean, clean, post-clean]
[DEBUG] Lifecycle site -> [pre-site, site, post-site, site-deploy]
[DEBUG] Lifecycle default -> [validate, initialize, generate-sources, process-sources, generate-resources, process-resources, compile, process-classes, generate-test-sources, process-test-sources, generate-test-resources, process-test-resources, test-compile, process-test-classes, test, prepare-package, package, pre-integration-test, integration-test, post-integration-test, verify, install, deploy]
[DEBUG] Lifecycle clean -> [pre-clean, clean, post-clean]
[DEBUG] Lifecycle site -> [pre-site, site, post-site, site-deploy]
[DEBUG] === PROJECT BUILD PLAN ================================================
[DEBUG] Project:       com.nextwork.app:nextwork-web-project:1.0-SNAPSHOT
[DEBUG] Dependencies (collect): []
[DEBUG] Dependencies (resolve): [compile]
[DEBUG] Repositories (dependencies): [nextwork-nextwork-devops-cicd (https://nextwork-471112976395.d.codeartifact.us-east-2.amazonaws.com/maven/nextwork-devops-cicd/, default, releases+snapshots)]
[DEBUG] Repositories (plugins)     : [nextwork-nextwork-devops-cicd (https://nextwork-471112976395.d.codeartifact.us-east-2.amazonaws.com/maven/nextwork-devops-cicd/, default, releases)]
[DEBUG] -----------------------------------------------------------------------
[DEBUG] Goal:          org.apache.maven.plugins:maven-resources-plugin:2.6:resources (default-resources)
[DEBUG] Style:         Regular
[DEBUG] Configuration: <?xml version="1.0" encoding="UTF-8"?>
<configuration>
  <buildFilters default-value="${project.build.filters}"/>
  <encoding default-value="${project.build.sourceEncoding}">${encoding}</encoding>
  <escapeString>${maven.resources.escapeString}</escapeString>
  <escapeWindowsPaths default-value="true">${maven.resources.escapeWindowsPaths}</escapeWindowsPaths>
  <includeEmptyDirs default-value="false">${maven.resources.includeEmptyDirs}</includeEmptyDirs>
  <outputDirectory default-value="${project.build.outputDirectory}"/>
  <overwrite default-value="false">${maven.resources.overwrite}</overwrite>
  <project default-value="${project}"/>
  <resources default-value="${project.resources}"/>
  <session default-value="${session}"/>
  <supportMultiLineFiltering default-value="false">${maven.resources.supportMultiLineFiltering}</supportMultiLineFiltering>
  <useBuildFilters default-value="true"/>
  <useDefaultDelimiters default-value="true"/>
</configuration>
[DEBUG] -----------------------------------------------------------------------
[DEBUG] Goal:          org.apache.maven.plugins:maven-compiler-plugin:3.1:compile (default-compile)
[DEBUG] Style:         Regular
[DEBUG] Configuration: <?xml version="1.0" encoding="UTF-8"?>
<configuration>
  <basedir default-value="${basedir}"/>
  <buildDirectory default-value="${project.build.directory}"/>
  <classpathElements default-value="${project.compileClasspathElements}"/>
  <compileSourceRoots default-value="${project.compileSourceRoots}"/>
  <compilerId default-value="javac">${maven.compiler.compilerId}</compilerId>
  <compilerReuseStrategy default-value="${reuseCreated}">${maven.compiler.compilerReuseStrategy}</compilerReuseStrategy>
  <compilerVersion>${maven.compiler.compilerVersion}</compilerVersion>
  <debug default-value="true">${maven.compiler.debug}</debug>
  <debuglevel>${maven.compiler.debuglevel}</debuglevel>
  <encoding default-value="${project.build.sourceEncoding}">${encoding}</encoding>
  <executable>${maven.compiler.executable}</executable>
  <failOnError default-value="true">${maven.compiler.failOnError}</failOnError>
  <forceJavacCompilerUse default-value="false">${maven.compiler.forceJavacCompilerUse}</forceJavacCompilerUse>
  <fork default-value="false">${maven.compiler.fork}</fork>
  <generatedSourcesDirectory default-value="${project.build.directory}/generated-sources/annotations"/>
  <maxmem>${maven.compiler.maxmem}</maxmem>
  <meminitial>${maven.compiler.meminitial}</meminitial>
  <mojoExecution>${mojoExecution}</mojoExecution>
  <optimize default-value="false">${maven.compiler.optimize}</optimize>
  <outputDirectory default-value="${project.build.outputDirectory}"/>
  <projectArtifact default-value="${project.artifact}"/>
  <showDeprecation default-value="false">${maven.compiler.showDeprecation}</showDeprecation>
  <showWarnings default-value="false">${maven.compiler.showWarnings}</showWarnings>
  <skipMain>${maven.main.skip}</skipMain>
  <skipMultiThreadWarning default-value="false">${maven.compiler.skipMultiThreadWarning}</skipMultiThreadWarning>
  <source default-value="1.5">${maven.compiler.source}</source>
  <staleMillis default-value="0">${lastModGranularityMs}</staleMillis>
  <target default-value="1.5">${maven.compiler.target}</target>
  <useIncrementalCompilation default-value="true">${maven.compiler.useIncrementalCompilation}</useIncrementalCompilation>
  <verbose default-value="false">${maven.compiler.verbose}</verbose>
  <mavenSession default-value="${session}"/>
  <session default-value="${session}"/>
</configuration>
[DEBUG] =======================================================================
[DEBUG] Dependency collection stats: {ConflictMarker.analyzeTime=341335, ConflictMarker.markTime=8714038, ConflictMarker.nodeCount=2, ConflictIdSorter.graphTime=259311, ConflictIdSorter.topsortTime=198310, ConflictIdSorter.conflictIdCount=1, ConflictIdSorter.conflictIdCycleCount=0, ConflictResolver.totalTime=5881893, ConflictResolver.conflictItemCount=1, DefaultDependencyCollector.collectTime=12837046, DefaultDependencyCollector.transformTime=16410108}
[DEBUG] com.nextwork.app:nextwork-web-project:war:1.0-SNAPSHOT
[DEBUG]    junit:junit:jar:3.8.1:test
[INFO] 
[INFO] --- maven-resources-plugin:2.6:resources (default-resources) @ nextwork-web-project ---
[DEBUG] Using mirror nextwork-nextwork-devops-cicd (https://nextwork-471112976395.d.codeartifact.us-east-2.amazonaws.com/maven/nextwork-devops-cicd/) for apache.snapshots (http://people.apache.org/repo/m2-snapshot-repository).
[DEBUG] Using mirror nextwork-nextwork-devops-cicd (https://nextwork-471112976395.d.codeartifact.us-east-2.amazonaws.com/maven/nextwork-devops-cicd/) for codehaus.snapshots (http://snapshots.repository.codehaus.org).
[DEBUG] Using mirror nextwork-nextwork-devops-cicd (https://nextwork-471112976395.d.codeartifact.us-east-2.amazonaws.com/maven/nextwork-devops-cicd/) for snapshots (http://snapshots.maven.codehaus.org/maven2).
[DEBUG] Using mirror nextwork-nextwork-devops-cicd (https://nextwork-471112976395.d.codeartifact.us-east-2.amazonaws.com/maven/nextwork-devops-cicd/) for central (http://repo1.maven.org/maven2).
[DEBUG] Dependency collection stats: {ConflictMarker.analyzeTime=219350, ConflictMarker.markTime=100512, ConflictMarker.nodeCount=77, ConflictIdSorter.graphTime=178495, ConflictIdSorter.topsortTime=23898, ConflictIdSorter.conflictIdCount=26, ConflictIdSorter.conflictIdCycleCount=0, ConflictResolver.totalTime=2554813, ConflictResolver.conflictItemCount=74, DefaultDependencyCollector.collectTime=225663968, DefaultDependencyCollector.transformTime=3127917}
[DEBUG] org.apache.maven.plugins:maven-resources-plugin:jar:2.6:
[DEBUG]    org.apache.maven:maven-plugin-api:jar:2.0.6:compile
[DEBUG]    org.apache.maven:maven-project:jar:2.0.6:compile
[DEBUG]       org.apache.maven:maven-profile:jar:2.0.6:compile
[DEBUG]       org.apache.maven:maven-artifact-manager:jar:2.0.6:compile
[DEBUG]       org.apache.maven:maven-plugin-registry:jar:2.0.6:compile
[DEBUG]    org.apache.maven:maven-core:jar:2.0.6:compile
[DEBUG]       org.apache.maven:maven-plugin-parameter-documenter:jar:2.0.6:compile
[DEBUG]       org.apache.maven.reporting:maven-reporting-api:jar:2.0.6:compile
[DEBUG]          org.apache.maven.doxia:doxia-sink-api:jar:1.0-alpha-7:compile
[DEBUG]       org.apache.maven:maven-repository-metadata:jar:2.0.6:compile
[DEBUG]       org.apache.maven:maven-error-diagnostics:jar:2.0.6:compile
[DEBUG]       commons-cli:commons-cli:jar:1.0:compile
[DEBUG]       org.apache.maven:maven-plugin-descriptor:jar:2.0.6:compile
[DEBUG]       org.codehaus.plexus:plexus-interactivity-api:jar:1.0-alpha-4:compile
[DEBUG]       classworlds:classworlds:jar:1.1:compile
[DEBUG]    org.apache.maven:maven-artifact:jar:2.0.6:compile
[DEBUG]    org.apache.maven:maven-settings:jar:2.0.6:compile
[DEBUG]    org.apache.maven:maven-model:jar:2.0.6:compile
[DEBUG]    org.apache.maven:maven-monitor:jar:2.0.6:compile
[DEBUG]    org.codehaus.plexus:plexus-container-default:jar:1.0-alpha-9-stable-1:compile
[DEBUG]       junit:junit:jar:3.8.1:compile
[DEBUG]    org.codehaus.plexus:plexus-utils:jar:2.0.5:compile
[DEBUG]    org.apache.maven.shared:maven-filtering:jar:1.1:compile
[DEBUG]       org.sonatype.plexus:plexus-build-api:jar:0.0.4:compile
[DEBUG]    org.codehaus.plexus:plexus-interpolation:jar:1.13:compile
[DEBUG] Created new class realm plugin>org.apache.maven.plugins:maven-resources-plugin:2.6
[DEBUG] Importing foreign packages into class realm plugin>org.apache.maven.plugins:maven-resources-plugin:2.6
[DEBUG]   Imported:  < maven.api
[DEBUG] Populating class realm plugin>org.apache.maven.plugins:maven-resources-plugin:2.6
[DEBUG]   Included: org.apache.maven.plugins:maven-resources-plugin:jar:2.6
[DEBUG]   Included: org.apache.maven.reporting:maven-reporting-api:jar:2.0.6
[DEBUG]   Included: org.apache.maven.doxia:doxia-sink-api:jar:1.0-alpha-7
[DEBUG]   Included: commons-cli:commons-cli:jar:1.0
[DEBUG]   Included: org.codehaus.plexus:plexus-interactivity-api:jar:1.0-alpha-4
[DEBUG]   Included: junit:junit:jar:3.8.1
[DEBUG]   Included: org.codehaus.plexus:plexus-utils:jar:2.0.5
[DEBUG]   Included: org.apache.maven.shared:maven-filtering:jar:1.1
[DEBUG]   Included: org.sonatype.plexus:plexus-build-api:jar:0.0.4
[DEBUG]   Included: org.codehaus.plexus:plexus-interpolation:jar:1.13
[DEBUG] Configuring mojo org.apache.maven.plugins:maven-resources-plugin:2.6:resources from plugin realm ClassRealm[plugin>org.apache.maven.plugins:maven-resources-plugin:2.6, parent: sun.misc.Launcher$AppClassLoader@70dea4e]
[DEBUG] Configuring mojo 'org.apache.maven.plugins:maven-resources-plugin:2.6:resources' with basic configurator -->
[DEBUG]   (f) buildFilters = []
[DEBUG]   (f) escapeWindowsPaths = true
[DEBUG]   (s) includeEmptyDirs = false
[DEBUG]   (s) outputDirectory = /home/ec2-user/nextwork-web-project/target/classes
[DEBUG]   (s) overwrite = false
[DEBUG]   (f) project = MavenProject: com.nextwork.app:nextwork-web-project:1.0-SNAPSHOT @ /home/ec2-user/nextwork-web-project/pom.xml
[DEBUG]   (s) resources = [Resource {targetPath: null, filtering: false, FileSet {directory: /home/ec2-user/nextwork-web-project/src/main/resources, PatternSet [includes: {}, excludes: {}]}}]
[DEBUG]   (f) session = org.apache.maven.execution.MavenSession@10c8f62
[DEBUG]   (f) supportMultiLineFiltering = false
[DEBUG]   (f) useBuildFilters = true
[DEBUG]   (s) useDefaultDelimiters = true
[DEBUG] -- end configuration --
[DEBUG] properties used {env.SYSTEMD_COLORS=false, java.vendor=Amazon.com Inc., env.SELINUX_USE_CURRENT_RANGE=, env.LESSOPEN=||/usr/bin/lesspipe.sh %s, sun.java.launcher=SUN_STANDARD, sun.management.compiler=HotSpot 64-Bit Tiered Compilers, os.name=Linux, env.which_declare=declare -f, sun.boot.class.path=/usr/lib/jvm/java-1.8.0-amazon-corretto.x86_64/jre/lib/resources.jar:/usr/lib/jvm/java-1.8.0-amazon-corretto.x86_64/jre/lib/rt.jar:/usr/lib/jvm/java-1.8.0-amazon-corretto.x86_64/jre/lib/sunrsasign.jar:/usr/lib/jvm/java-1.8.0-amazon-corretto.x86_64/jre/lib/jsse.jar:/usr/lib/jvm/java-1.8.0-amazon-corretto.x86_64/jre/lib/jce.jar:/usr/lib/jvm/java-1.8.0-amazon-corretto.x86_64/jre/lib/charsets.jar:/usr/lib/jvm/java-1.8.0-amazon-corretto.x86_64/jre/lib/jfr.jar:/usr/lib/jvm/java-1.8.0-amazon-corretto.x86_64/jre/classes, env.PWD=/home/ec2-user/nextwork-web-project, env.LANG=C.UTF-8, java.vm.specification.vendor=Oracle Corporation, java.runtime.version=1.8.0_442-b06, env.HISTSIZE=1000, env.XDG_SESSION_CLASS=user, user.name=ec2-user, maven.build.version=Apache Maven 3.5.2 (138edd61fd100ec658bfa2d307c43b76940a5d7d; 2017-10-18T07:58:13Z), env.USER=ec2-user, env.HISTCONTROL=ignoredups, env.SHELL=/bin/bash, env.SSH_TTY=/dev/pts/1, env.PATH=/opt/apache-maven-3.5.2/bin:/home/ec2-user/.local/bin:/home/ec2-user/bin:/usr/local/bin:/usr/bin:/usr/local/sbin:/usr/sbin, user.language=en, sun.boot.library.path=/usr/lib/jvm/java-1.8.0-amazon-corretto.x86_64/jre/lib/amd64, classworlds.conf=/opt/apache-maven-3.5.2/bin/m2.conf, env.SSH_CONNECTION=3.16.146.3 27556 172.31.5.215 22, env.BASH_FUNC_which%%=() {  ( alias;
 eval ${which_declare} ) | /usr/bin/which --tty-only --read-alias --read-functions --show-tilde --show-dot "$@"
}, java.version=1.8.0_442, env.SSH_CLIENT=3.16.146.3 27556 22, user.timezone=UTC, env.DBUS_SESSION_BUS_ADDRESS=unix:path=/run/user/1000/bus, sun.arch.data.model=64, env.SELINUX_ROLE_REQUESTED=, java.endorsed.dirs=/usr/lib/jvm/java-1.8.0-amazon-corretto.x86_64/jre/lib/endorsed, sun.cpu.isalist=, sun.jnu.encoding=UTF-8, file.encoding.pkg=sun.io, env.SHLVL=1, file.separator=/, env.HOSTNAME=ip-172-31-5-215.us-east-2.compute.internal, java.specification.name=Java Platform API Specification, maven.conf=/opt/apache-maven-3.5.2/conf, java.class.version=52.0, org.slf4j.simpleLogger.defaultLogLevel=debug, java.home=/usr/lib/jvm/java-1.8.0-amazon-corretto.x86_64/jre, java.vm.info=mixed mode, env.LOGNAME=ec2-user, os.version=6.1.128-136.201.amzn2023.x86_64, path.separator=:, java.vm.version=25.442-b06, env.XDG_SESSION_TYPE=tty, java.awt.printerjob=sun.print.PSPrinterJob, env.TERM=xterm, sun.io.unicode.encoding=UnicodeLittle, java.specification.maintenance.version=6, awt.toolkit=sun.awt.X11.XToolkit, user.home=/home/ec2-user, env.OLDPWD=/home/ec2-user/nextwork-web-project, java.specification.vendor=Oracle Corporation, library.jansi.path=/opt/apache-maven-3.5.2/lib/jansi-native, java.library.path=/usr/java/packages/lib/amd64:/usr/lib64:/lib64:/lib:/usr/lib, java.vendor.url=https://aws.amazon.com/corretto/, env.S_COLORS=auto, env.MAVEN_CMD_LINE_ARGS= -s settings.xml compile -e -X, java.vm.vendor=Amazon.com Inc., maven.home=/opt/apache-maven-3.5.2, java.runtime.name=OpenJDK Runtime Environment, sun.java.command=org.codehaus.plexus.classworlds.launcher.Launcher -s settings.xml compile -e -X, java.class.path=/opt/apache-maven-3.5.2/boot/plexus-classworlds-2.5.2.jar, env.XDG_SESSION_ID=11, maven.version=3.5.2, java.vm.specification.name=Java Virtual Machine Specification, java.vm.specification.version=1.8, sun.cpu.endian=little, sun.os.patch.level=unknown, env.HOME=/home/ec2-user, env.LS_COLORS=rs=0:di=01;34:ln=01;36:mh=00:pi=40;33:so=01;35:do=01;35:bd=40;33;01:cd=40;33;01:or=40;31;01:mi=01;37;41:su=37;41:sg=30;43:ca=30;41:tw=30;42:ow=34;42:st=37;44:ex=01;32:*.tar=01;31:*.tgz=01;31:*.arc=01;31:*.arj=01;31:*.taz=01;31:*.lha=01;31:*.lz4=01;31:*.lzh=01;31:*.lzma=01;31:*.tlz=01;31:*.txz=01;31:*.tzo=01;31:*.t7z=01;31:*.zip=01;31:*.z=01;31:*.dz=01;31:*.gz=01;31:*.lrz=01;31:*.lz=01;31:*.lzo=01;31:*.xz=01;31:*.zst=01;31:*.tzst=01;31:*.bz2=01;31:*.bz=01;31:*.tbz=01;31:*.tbz2=01;31:*.tz=01;31:*.deb=01;31:*.rpm=01;31:*.jar=01;31:*.war=01;31:*.ear=01;31:*.sar=01;31:*.rar=01;31:*.alz=01;31:*.ace=01;31:*.zoo=01;31:*.cpio=01;31:*.7z=01;31:*.rz=01;31:*.cab=01;31:*.wim=01;31:*.swm=01;31:*.dwm=01;31:*.esd=01;31:*.jpg=01;35:*.jpeg=01;35:*.mjpg=01;35:*.mjpeg=01;35:*.gif=01;35:*.bmp=01;35:*.pbm=01;35:*.pgm=01;35:*.ppm=01;35:*.tga=01;35:*.xbm=01;35:*.xpm=01;35:*.tif=01;35:*.tiff=01;35:*.png=01;35:*.svg=01;35:*.svgz=01;35:*.mng=01;35:*.pcx=01;35:*.mov=01;35:*.mpg=01;35:*.mpeg=01;35:*.m2v=01;35:*.mkv=01;35:*.webm=01;35:*.webp=01;35:*.ogm=01;35:*.mp4=01;35:*.m4v=01;35:*.mp4v=01;35:*.vob=01;35:*.qt=01;35:*.nuv=01;35:*.wmv=01;35:*.asf=01;35:*.rm=01;35:*.rmvb=01;35:*.flc=01;35:*.avi=01;35:*.fli=01;35:*.flv=01;35:*.gl=01;35:*.dl=01;35:*.xcf=01;35:*.xwd=01;35:*.yuv=01;35:*.cgm=01;35:*.emf=01;35:*.ogv=01;35:*.ogx=01;35:*.aac=01;36:*.au=01;36:*.flac=01;36:*.m4a=01;36:*.mid=01;36:*.midi=01;36:*.mka=01;36:*.mp3=01;36:*.mpc=01;36:*.ogg=01;36:*.ra=01;36:*.wav=01;36:*.oga=01;36:*.opus=01;36:*.spx=01;36:*.xspf=01;36:, java.io.tmpdir=/tmp, java.vendor.url.bug=https://github.com/corretto/corretto-8/issues/, maven.multiModuleProjectDirectory=/home/ec2-user/nextwork-web-project, os.arch=amd64, java.awt.graphicsenv=sun.awt.X11GraphicsEnvironment, java.ext.dirs=/usr/lib/jvm/java-1.8.0-amazon-corretto.x86_64/jre/lib/ext:/usr/java/packages/lib/ext, env.XDG_RUNTIME_DIR=/run/user/1000, user.dir=/home/ec2-user/nextwork-web-project, line.separator=
, java.vm.name=OpenJDK 64-Bit Server VM, env.SELINUX_LEVEL_REQUESTED=, env.MOTD_SHOWN=pam, env.MAIL=/var/spool/mail/ec2-user, file.encoding=UTF-8, java.specification.version=1.8, env.MAVEN_PROJECTBASEDIR=/home/ec2-user/nextwork-web-project}
[WARNING] Using platform encoding (UTF-8 actually) to copy filtered resources, i.e. build is platform dependent!
[DEBUG] resource with targetPath null
directory /home/ec2-user/nextwork-web-project/src/main/resources
excludes []
includes []
[DEBUG] ignoreDelta true
[INFO] Copying 0 resource
[DEBUG] no use filter components
[INFO] 
[INFO] --- maven-compiler-plugin:3.1:compile (default-compile) @ nextwork-web-project ---
[DEBUG] Using mirror nextwork-nextwork-devops-cicd (https://nextwork-471112976395.d.codeartifact.us-east-2.amazonaws.com/maven/nextwork-devops-cicd/) for plexus.snapshots (https://oss.sonatype.org/content/repositories/plexus-snapshots).
[DEBUG] Using mirror nextwork-nextwork-devops-cicd (https://nextwork-471112976395.d.codeartifact.us-east-2.amazonaws.com/maven/nextwork-devops-cicd/) for apache-snapshots (http://people.apache.org/repo/m2-snapshot-repository).
[DEBUG] Dependency collection stats: {ConflictMarker.analyzeTime=723226, ConflictMarker.markTime=165226, ConflictMarker.nodeCount=160, ConflictIdSorter.graphTime=141128, ConflictIdSorter.topsortTime=34003, ConflictIdSorter.conflictIdCount=43, ConflictIdSorter.conflictIdCycleCount=0, ConflictResolver.totalTime=1962086, ConflictResolver.conflictItemCount=63, DefaultDependencyCollector.collectTime=310335846, DefaultDependencyCollector.transformTime=3041576}
[DEBUG] org.apache.maven.plugins:maven-compiler-plugin:jar:3.1:
[DEBUG]    org.apache.maven:maven-plugin-api:jar:2.0.9:compile
[DEBUG]    org.apache.maven:maven-artifact:jar:2.0.9:compile
[DEBUG]       org.codehaus.plexus:plexus-utils:jar:1.5.1:compile
[DEBUG]    org.apache.maven:maven-core:jar:2.0.9:compile
[DEBUG]       org.apache.maven:maven-settings:jar:2.0.9:compile
[DEBUG]       org.apache.maven:maven-plugin-parameter-documenter:jar:2.0.9:compile
[DEBUG]       org.apache.maven:maven-profile:jar:2.0.9:compile
[DEBUG]       org.apache.maven:maven-model:jar:2.0.9:compile
[DEBUG]       org.apache.maven:maven-repository-metadata:jar:2.0.9:compile
[DEBUG]       org.apache.maven:maven-error-diagnostics:jar:2.0.9:compile
[DEBUG]       org.apache.maven:maven-project:jar:2.0.9:compile
[DEBUG]          org.apache.maven:maven-plugin-registry:jar:2.0.9:compile
[DEBUG]       org.apache.maven:maven-plugin-descriptor:jar:2.0.9:compile
[DEBUG]       org.apache.maven:maven-artifact-manager:jar:2.0.9:compile
[DEBUG]       org.apache.maven:maven-monitor:jar:2.0.9:compile
[DEBUG]    org.apache.maven:maven-toolchain:jar:1.0:compile
[DEBUG]    org.apache.maven.shared:maven-shared-utils:jar:0.1:compile
[DEBUG]       com.google.code.findbugs:jsr305:jar:2.0.1:compile
[DEBUG]    org.apache.maven.shared:maven-shared-incremental:jar:1.1:compile
[DEBUG]       org.codehaus.plexus:plexus-component-annotations:jar:1.5.5:compile
[DEBUG]    org.codehaus.plexus:plexus-compiler-api:jar:2.2:compile
[DEBUG]    org.codehaus.plexus:plexus-compiler-manager:jar:2.2:compile
[DEBUG]    org.codehaus.plexus:plexus-compiler-javac:jar:2.2:runtime
[DEBUG]    org.codehaus.plexus:plexus-container-default:jar:1.5.5:compile
[DEBUG]       org.codehaus.plexus:plexus-classworlds:jar:2.2.2:compile
[DEBUG]       org.apache.xbean:xbean-reflect:jar:3.4:compile
[DEBUG]          log4j:log4j:jar:1.2.12:compile
[DEBUG]          commons-logging:commons-logging-api:jar:1.1:compile
[DEBUG]       com.google.collections:google-collections:jar:1.0:compile
[DEBUG]       junit:junit:jar:3.8.2:compile
[DEBUG] Created new class realm plugin>org.apache.maven.plugins:maven-compiler-plugin:3.1
[DEBUG] Importing foreign packages into class realm plugin>org.apache.maven.plugins:maven-compiler-plugin:3.1
[DEBUG]   Imported:  < maven.api
[DEBUG] Populating class realm plugin>org.apache.maven.plugins:maven-compiler-plugin:3.1
[DEBUG]   Included: org.apache.maven.plugins:maven-compiler-plugin:jar:3.1
[DEBUG]   Included: org.codehaus.plexus:plexus-utils:jar:1.5.1
[DEBUG]   Included: org.apache.maven.shared:maven-shared-utils:jar:0.1
[DEBUG]   Included: com.google.code.findbugs:jsr305:jar:2.0.1
[DEBUG]   Included: org.apache.maven.shared:maven-shared-incremental:jar:1.1
[DEBUG]   Included: org.codehaus.plexus:plexus-component-annotations:jar:1.5.5
[DEBUG]   Included: org.codehaus.plexus:plexus-compiler-api:jar:2.2
[DEBUG]   Included: org.codehaus.plexus:plexus-compiler-manager:jar:2.2
[DEBUG]   Included: org.codehaus.plexus:plexus-compiler-javac:jar:2.2
[DEBUG]   Included: org.apache.xbean:xbean-reflect:jar:3.4
[DEBUG]   Included: log4j:log4j:jar:1.2.12
[DEBUG]   Included: commons-logging:commons-logging-api:jar:1.1
[DEBUG]   Included: com.google.collections:google-collections:jar:1.0
[DEBUG]   Included: junit:junit:jar:3.8.2
[DEBUG] Configuring mojo org.apache.maven.plugins:maven-compiler-plugin:3.1:compile from plugin realm ClassRealm[plugin>org.apache.maven.plugins:maven-compiler-plugin:3.1, parent: sun.misc.Launcher$AppClassLoader@70dea4e]
[DEBUG] Configuring mojo 'org.apache.maven.plugins:maven-compiler-plugin:3.1:compile' with basic configurator -->
[DEBUG]   (f) basedir = /home/ec2-user/nextwork-web-project
[DEBUG]   (f) buildDirectory = /home/ec2-user/nextwork-web-project/target
[DEBUG]   (f) classpathElements = [/home/ec2-user/nextwork-web-project/target/classes]
[DEBUG]   (f) compileSourceRoots = [/home/ec2-user/nextwork-web-project/src/main/java]
[DEBUG]   (f) compilerId = javac
[DEBUG]   (f) debug = true
[DEBUG]   (f) failOnError = true
[DEBUG]   (f) forceJavacCompilerUse = false
[DEBUG]   (f) fork = false
[DEBUG]   (f) generatedSourcesDirectory = /home/ec2-user/nextwork-web-project/target/generated-sources/annotations
[DEBUG]   (f) mojoExecution = org.apache.maven.plugins:maven-compiler-plugin:3.1:compile {execution: default-compile}
[DEBUG]   (f) optimize = false
[DEBUG]   (f) outputDirectory = /home/ec2-user/nextwork-web-project/target/classes
[DEBUG]   (f) projectArtifact = com.nextwork.app:nextwork-web-project:war:1.0-SNAPSHOT
[DEBUG]   (f) showDeprecation = false
[DEBUG]   (f) showWarnings = false
[DEBUG]   (f) skipMultiThreadWarning = false
[DEBUG]   (f) source = 1.5
[DEBUG]   (f) staleMillis = 0
[DEBUG]   (f) target = 1.5
[DEBUG]   (f) useIncrementalCompilation = true
[DEBUG]   (f) verbose = false
[DEBUG]   (f) mavenSession = org.apache.maven.execution.MavenSession@10c8f62
[DEBUG]   (f) session = org.apache.maven.execution.MavenSession@10c8f62
[DEBUG] -- end configuration --
[DEBUG] Using compiler 'javac'.
[INFO] No sources to compile
[INFO] ------------------------------------------------------------------------
[INFO] BUILD SUCCESS
[INFO] ------------------------------------------------------------------------
[INFO] Total time: 1.306 s
[INFO] Finished at: 2025-03-03T06:58:46Z
[INFO] Final Memory: 7M/18M
[INFO] ------------------------------------------------------------------------
